
> coach.json@0.0.0 build
> tsc -b && vite build

src/features/meals/MealPlanView.tsx(105,19): error TS2322: Type '{ onFoodSelected: (newFood: FoodItem) => void; autoFocus: boolean; }' is not assignable to type 'IntrinsicAttributes & FoodSearchEntryProps'.
  Property 'onFoodSelected' does not exist on type 'IntrinsicAttributes & FoodSearchEntryProps'.
src/features/workout/WorkoutSessionView.tsx(45,3): error TS6133: 'previousWeekLoads' is declared but its value is never read.
