
[1m[46m RUN [49m[22m [36mv4.0.12 [39m[90mC:/Users/rober/Documents/Coach[39m

 [31mΓ¥»[39m src/features/workout/WorkoutSessionView.test.tsx [2m([22m[2m2 tests[22m[2m | [22m[31m2 failed[39m[2m)[22m[32m 3[2mms[22m[39m
[31m     [31m├ù[31m renders exercise list[39m[32m 2[2mms[22m[39m
[31m     [31m├ù[31m toggles set completion[39m[32m 0[2mms[22m[39m

[2m Test Files [22m [1m[31m1 failed[39m[22m[90m (1)[39m
[2m      Tests [22m [1m[31m2 failed[39m[22m[90m (2)[39m
[2m   Start at [22m 18:45:10
[2m   Duration [22m 680ms[2m (transform 126ms, setup 0ms, collect 401ms, tests 3ms, environment 0ms, prepare 11ms)[22m

